[sknups.com/index.html]
[backblue.gif]
[fade.gif]
[index.html]
[sknups.com/wp-content/uploads/2021/08/s-64x64-1.png]
[sknups.com/feed/index.html]
[sknups.com/comments/feed/index.html]
[sknups.com/wp-content/uploads/2022/06/cropped-SKNUPS_FAVICON-180px.png]
[sknups.com/wp-content/uploads/2021/08/s-120x120-1.png]
[sknups.com/wp-content/plugins/mailchimp/css/flick/flick37ad.css]
[sknups.com/wp-includes/css/dist/block-library/style.min37ad.css]
[sknups.com/index3bb8.html]
[sknups.com/wp-content/plugins/cookie-law-info/public/css/cookie-law-info-public431f.css]
[sknups.com/wp-content/plugins/cookie-law-info/public/css/cookie-law-info-gdpr431f.css]
[sknups.com/wp-content/plugins/essential-gridv1-4/public/assets/css/settings2a45.css]
[sknups.com/wp-content/plugins/essential-gridv1-4/public/assets/font/fontello/css/fontello2a45.css]
[sknups.com/wp-content/uploads/fusion-styles/f003aa6f39b783ef284d0fcdc7e5b9ff.minf43b.css]
[sknups.com/wp-content/themes/Avada/assets/css/media/max-1c.minf66a.css]
[sknups.com/wp-content/themes/Avada/assets/css/media/max-2c.minf66a.css]
[sknups.com/wp-content/themes/Avada/assets/css/media/min-2c-max-3c.minf66a.css]
[sknups.com/wp-content/themes/Avada/assets/css/media/min-3c-max-4c.minf66a.css]
[sknups.com/wp-content/themes/Avada/assets/css/media/min-4c-max-5c.minf66a.css]
[sknups.com/wp-content/themes/Avada/assets/css/media/min-5c-max-6c.minf66a.css]
[sknups.com/wp-content/themes/Avada/assets/css/media/min-shbp-header-legacy.minf66a.css]
[sknups.com/wp-content/themes/Avada/assets/css/media/max-shbp.minf66a.css]
[sknups.com/wp-content/themes/Avada/assets/css/media/max-shbp-header-legacy.minf66a.css]
[sknups.com/wp-content/themes/Avada/assets/css/media/max-sh-shbp.minf66a.css]
[sknups.com/wp-content/themes/Avada/assets/css/media/max-sh-shbp-header-legacy.minf66a.css]
[sknups.com/wp-content/themes/Avada/assets/css/media/min-768-max-1024-p.minf66a.css]
[sknups.com/wp-content/themes/Avada/assets/css/media/min-768-max-1024-p-header-legacy.minf66a.css]
[sknups.com/wp-content/themes/Avada/assets/css/media/min-768-max-1024-l.minf66a.css]
[sknups.com/wp-content/themes/Avada/assets/css/media/min-768-max-1024-l-header-legacy.minf66a.css]
[sknups.com/wp-content/themes/Avada/assets/css/media/max-sh-cbp.minf66a.css]
[sknups.com/wp-content/themes/Avada/assets/css/media/max-sh-sbp.minf66a.css]
[sknups.com/wp-content/themes/Avada/assets/css/media/max-sh-640.minf66a.css]
[sknups.com/wp-content/themes/Avada/assets/css/media/max-shbp-18.minf66a.css]
[sknups.com/wp-content/themes/Avada/assets/css/media/min-sh-cbp.minf66a.css]
[sknups.com/wp-content/themes/Avada/assets/css/media/max-640.minf66a.css]
[sknups.com/wp-content/themes/Avada/assets/css/media/max-main.minf66a.css]
[sknups.com/wp-content/themes/Avada/assets/css/media/max-cbp.minf66a.css]
[sknups.com/wp-content/themes/Avada/assets/css/media/max-640-sliders.minf66a.css]
[sknups.com/wp-content/themes/Avada/assets/css/media/max-sh-cbp-sliders.minf66a.css]
[sknups.com/wp-content/themes/Avada/assets/css/media/max-sh-cbp-social-sharing.minf66a.css]
[sknups.com/wp-content/plugins/fusion-builder/assets/css/media/max-sh-cbp.minf43b.css]
[sknups.com/wp-content/plugins/fusion-builder/assets/css/media/min-768-max-1024-p.minf43b.css]
[sknups.com/wp-content/plugins/fusion-builder/assets/css/media/max-640.minf43b.css]
[sknups.com/wp-content/plugins/fusion-builder/assets/css/media/max-1cf43b.css]
[sknups.com/wp-content/plugins/fusion-builder/assets/css/media/max-2cf43b.css]
[sknups.com/wp-content/plugins/fusion-builder/assets/css/media/min-2c-max-3cf43b.css]
[sknups.com/wp-content/plugins/fusion-builder/assets/css/media/min-3c-max-4cf43b.css]
[sknups.com/wp-content/plugins/fusion-builder/assets/css/media/min-4c-max-5cf43b.css]
[sknups.com/wp-content/plugins/fusion-builder/assets/css/media/min-5c-max-6cf43b.css]
[sknups.com/wp-includes/js/jquery/jquery.minaf6c.js]
[sknups.com/wp-includes/js/jquery/jquery-migrate.mind617.js]
[sknups.com/wp-content/plugins/mailchimp/js/scrollTo00e2.js]
[sknups.com/wp-includes/js/jquery/jquery.form.minb2f9.js]
[sknups.com/wp-content/plugins/mailchimp/js/mailchimp00e2.js]
[sknups.com/wp-includes/js/jquery/ui/core.min0028.js]
[sknups.com/wp-content/plugins/mailchimp/js/datepicker37ad.js]
[sknups.com/wp-content/plugins/cookie-law-info/public/js/cookie-law-info-public431f.js]
[sknups.com/wp-content/plugins/cookie-law-info/admin/modules/ccpa/assets/js/cookie-law-info-ccpa431f.js]
[sknups.com/wp-json/index.html]
[sknups.com/wp-json/wp/v2/pages/3889.json]
[sknups.com/xmlrpc0db0.php]
[sknups.com/wp-includes/wlwmanifest.xml]
[sknups.com/wp-json/oembed/1.0/embed1721.json]
[sknups.com/wp-json/oembed/1.0/embede7fa]
[sknups.com/wp-content/themes/Avada/includes/lib/assets/fonts/icomoon/awb-icons.woff]
[sknups.com/wp-content/uploads/2022/06/cropped-SKNUPS_FAVICON-1-32x32.png]
[sknups.com/wp-content/uploads/2022/06/cropped-SKNUPS_FAVICON-1-192x192.png]
[sknups.com/wp-content/uploads/2022/06/cropped-SKNUPS_FAVICON-1-180x180.png]
[static.ads-twitter.com/uwt.js]
[connect.facebook.net/en_US/fbevents.js]
[sknups.com/wp-content/uploads/2021/08/sknups-logo-30px.png]
[sknups.com/about/index.html]
[sknups.com/drops-landing/index.html]
[sknups.com/james-mack/index.html]
[sknups.com_443/wp-content/plugins/revslider/public/assets/assets/dummy.png]
[sknups.com/metamorphosis/index.html]
[sknups.com/benny/index.html]
[sknups.com/dg-sknups/index.html]
[sknups.com/timo-rusall-sknups/index.html]
[sknups.com_443/wp-content/uploads/revslider/video-media/DG_Home_Desktop-lr_21_layer.jpg]
[sknups.com_443/wp-content/uploads/revslider/video-media/JamesMack_Unified_Desktop-LITE_25_layer.jpg]
[sknups.com_443/wp-content/uploads/revslider/video-media/about_banner_desktop_11_layer.jpg]
[sknups.com/wp-content/uploads/2022/06/Home_features_JM.jpg]
[sknups.com/wp-content/uploads/2022/05/Home_features_Benny-1.jpg]
[sknups.com/wp-content/uploads/2022/05/Home_features_Metamorphosis-1.jpg]
[sknups.com/wp-content/uploads/2022/06/DG_Monogram_Spin_KLR.mp4]
[sknups.com_443/wp-content/uploads/revslider/video-media/DG_Home_Mobile-lr-1_22_layer.jpg]
[sknups.com_443/wp-content/uploads/revslider/video-media/JamesMack_Unified_Portrait_LR_28_layer.jpg]
[sknups.com_443/wp-content/uploads/revslider/video-media/about_banner_Mobile_14_layer.jpg]
[s3.amazonaws.com/downloads.mailchimp.com/js/mc-validate.js]
[sknups.com/wp-content/uploads/2022/05/Home_features_Metamorphosis.jpg]
[sknups.com/frequently-asked-questions/index.html]
[sknups.com/cookie-policy/index.html]
[sknups.com/wp-content/plugins/revslider/public/assets/fonts/revicons/revicons90c6.woff]
[sknups.com/wp-content/plugins/cookie-law-info/public/css/cookie-law-info-table431f.css]
[sknups.com/wp-content/plugins/revslider/public/assets/css/rs6b02e.css]
[sknups.com/wp-content/plugins/revslider/public/assets/js/rbtools.min8331.js]
[sknups.com/wp-content/plugins/revslider/public/assets/js/rs6.minb02e.js]
[sknups.com/wp-content/uploads/fusion-scripts/5a0a3468de00fd5aac2b27d3f1a2430e.minf43b.js]
[sknups.com/index.html]
[sknups.com/wp-content/plugins/mailchimp/css/flick/images/ui-bg_flat_75_ffffff_40x100.png]
[sknups.com/wp-content/plugins/mailchimp/css/flick/images/ui-bg_highlight-soft_50_dddddd_1x100.png]
[sknups.com/wp-content/plugins/mailchimp/css/flick/images/ui-bg_highlight-soft_100_f6f6f6_1x100.png]
[sknups.com/wp-content/plugins/mailchimp/css/flick/images/ui-bg_highlight-soft_25_0073ea_1x100.png]
[sknups.com/wp-content/plugins/mailchimp/css/flick/images/ui-bg_glass_65_ffffff_1x400.png]
[sknups.com/wp-content/plugins/mailchimp/css/flick/images/ui-bg_flat_55_ffffff_40x100.png]
[sknups.com/wp-content/plugins/mailchimp/css/flick/images/ui-icons_ff0084_256x240.png]
[sknups.com/wp-content/plugins/mailchimp/css/flick/images/ui-icons_0073ea_256x240.png]
[sknups.com/wp-content/plugins/mailchimp/css/flick/images/ui-icons_666666_256x240.png]
[sknups.com/wp-content/plugins/mailchimp/css/flick/images/ui-icons_ffffff_256x240.png]
[sknups.com/wp-content/plugins/mailchimp/css/flick/images/ui-icons_454545_256x240.png]
[sknups.com/wp-content/plugins/mailchimp/css/flick/images/ui-bg_flat_0_eeeeee_40x100.png]
[sknups.com/wp-content/plugins/mailchimp/css/flick/images/ui-bg_flat_0_aaaaaa_40x100.png]
[sknups.com/wp-content/plugins/mailchimp/css/flick/flick37ad.css]
[sknups.com/index3bb8.html]
[sknups.com/wp-includes/css/dist/block-library/style.min37ad.css]
[sknups.com/wp-content/plugins/cookie-law-info/public/css/cookie-law-info-public431f.css]
[sknups.com/wp-content/plugins/cookie-law-info/public/css/cookie-law-info-gdpr431f.css]
[sknups.com/wp-content/plugins/essential-gridv1-4/public/assets/images/ajax-loader.gif]
[sknups.com/wp-content/plugins/essential-gridv1-4/public/assets/images/loader.gif]
[sknups.com/wp-content/plugins/essential-gridv1-4/public/assets/css/settings2a45.css]
[sknups.com/wp-content/plugins/essential-gridv1-4/public/assets/font/fontello/fonts/egfontdde9.eot]
[sknups.com/wp-content/plugins/essential-gridv1-4/public/assets/font/fontello/fonts/egfontdde9.woff]
[sknups.com/wp-content/plugins/essential-gridv1-4/public/assets/font/fontello/fonts/egfontdde9.ttf]
[sknups.com/wp-content/plugins/essential-gridv1-4/public/assets/font/fontello/css/fontello2a45.css]
[sknups.com_443/wp-content/themes/Avada/assets/images/patterns/pattern1.png]
[sknups.com/wp-content/uploads/fusion-styles/f003aa6f39b783ef284d0fcdc7e5b9ff.minf43b.css]
[sknups.com/wp-content/themes/Avada/assets/css/media/max-1c.minf66a.css]
[sknups.com/wp-content/themes/Avada/assets/css/media/max-2c.minf66a.css]
[sknups.com/wp-content/themes/Avada/assets/css/media/min-2c-max-3c.minf66a.css]
[sknups.com/wp-content/themes/Avada/assets/css/media/min-3c-max-4c.minf66a.css]
[sknups.com/wp-content/themes/Avada/assets/css/media/min-4c-max-5c.minf66a.css]
[sknups.com/wp-content/themes/Avada/assets/css/media/min-5c-max-6c.minf66a.css]
[sknups.com/wp-content/themes/Avada/assets/css/media/min-shbp.minf66a.css]
[sknups.com/wp-content/themes/Avada/assets/css/media/min-shbp-header-legacy.minf66a.css]
[sknups.com/wp-content/themes/Avada/assets/css/media/max-shbp.minf66a.css]
[sknups.com/wp-content/themes/Avada/assets/css/media/max-shbp-header-legacy.minf66a.css]
[sknups.com/wp-content/themes/Avada/assets/css/media/max-sh-shbp.minf66a.css]
[sknups.com/wp-content/themes/Avada/assets/css/media/max-sh-shbp-header-legacy.minf66a.css]
[sknups.com/wp-content/themes/Avada/assets/css/media/min-768-max-1024-p.minf66a.css]
[sknups.com/wp-content/themes/Avada/assets/css/media/min-768-max-1024-p-header-legacy.minf66a.css]
[sknups.com/wp-content/themes/Avada/assets/css/media/min-768-max-1024-l.minf66a.css]
[sknups.com/wp-content/themes/Avada/assets/css/media/min-768-max-1024-l-header-legacy.minf66a.css]
[sknups.com/wp-content/themes/Avada/assets/css/media/max-sh-cbp.minf66a.css]
[sknups.com/wp-content/themes/Avada/assets/css/media/max-sh-sbp.minf66a.css]
[sknups.com/wp-content/themes/Avada/assets/css/media/max-sh-640.minf66a.css]
[sknups.com/wp-content/themes/Avada/assets/css/media/max-shbp-18.minf66a.css]
[sknups.com/wp-content/themes/Avada/assets/css/media/max-shbp-32.minf66a.css]
[sknups.com/wp-content/themes/Avada/assets/css/media/min-sh-cbp.minf66a.css]
[sknups.com/wp-content/themes/Avada/assets/css/media/max-640.minf66a.css]
[sknups.com/wp-content/themes/Avada/assets/css/media/max-main.minf66a.css]
[sknups.com/wp-content/themes/Avada/assets/css/media/max-cbp.minf66a.css]
[sknups.com/wp-content/themes/Avada/assets/css/media/max-640-sliders.minf66a.css]
[sknups.com/wp-content/themes/Avada/assets/css/media/max-sh-cbp-sliders.minf66a.css]
[sknups.com/wp-content/themes/Avada/assets/css/media/max-sh-cbp-social-sharing.minf66a.css]
[sknups.com/wp-content/plugins/fusion-builder/assets/css/media/max-sh-cbp.minf43b.css]
[sknups.com/wp-content/plugins/fusion-builder/assets/css/media/min-768-max-1024-p.minf43b.css]
[sknups.com/wp-content/plugins/fusion-builder/assets/css/media/max-640.minf43b.css]
[sknups.com/wp-content/plugins/fusion-builder/assets/css/media/max-1cf43b.css]
[sknups.com/wp-content/plugins/fusion-builder/assets/css/media/max-2cf43b.css]
[sknups.com/wp-content/plugins/fusion-builder/assets/css/media/min-2c-max-3cf43b.css]
[sknups.com/wp-content/plugins/fusion-builder/assets/css/media/min-3c-max-4cf43b.css]
[sknups.com/wp-content/plugins/fusion-builder/assets/css/media/min-4c-max-5cf43b.css]
[sknups.com/wp-content/plugins/fusion-builder/assets/css/media/min-5c-max-6cf43b.css]
[connect.facebook.net/en_US/fbevents.js]
[sknups.com/about/index.html]
[sknups.com/drops-landing/index.html]
[sknups.com/james-mack/index.html]
[sknups.com/metamorphosis/index.html]
[sknups.com/benny/index.html]
[sknups.com/wp-content/uploads/fusion-styles/5b35a633e167d494f85bd35ec154add2.minf43b.css]
[sknups.com/wp-json/wp/v2/pages/2303.json]
[sknups.com/wp-json/oembed/1.0/embede153.json]
[sknups.com/wp-json/oembed/1.0/embedadbd]
[sknups.com/wp-content/uploads/2022/02/header_lockup-1-1024x119.png]
[sknups.com/wp-content/uploads/2022/02/TimoTeaser_14-vlr.mp4]
[sknups.com/wp-content/uploads/2022/02/01-1.jpg]
[sknups.com/wp-content/uploads/2022/02/02-1.jpg]
[sknups.com/wp-content/uploads/2022/02/03-1.jpg]
[sknups.com/wp-content/uploads/2022/02/04-1.jpg]
[sknups.com/wp-content/uploads/2022/02/05-1.jpg]
[sknups.com/wp-content/uploads/2022/02/06.jpg]
[sknups.com/wp-content/uploads/2022/02/clip2-1.mp4]
[sknups.com/wp-content/uploads/2022/02/block5-1024x666.jpg]
[sknups.com/wp-content/uploads/2022/02/intro-1-1024x666.png]
[sknups.com/wp-content/uploads/2022/02/header_banner_mob.jpg-1024x418.png]
[sknups.com/timo-rusall-sknups/index.html]
[sknups.com/wp-content/uploads/fusion-scripts/1ef2ea981a4d0370292e2afe552b81c2.minf43b.js]
[sknups.com/dg-sknups/index.html]
[sknups.com/author/maxime/index.html]
[sknups.com/_https_/sknups.com/wp-content/uploads/2022/05/irridescent_foil_v02_00247-300x169.html]
[sknups.com/frequently-asked-questions/index.html]
[cdn-images.mailchimp.com/embedcode/classic-10_7.css]
[sknups.com/partners@sknups.html]
[sknups.com/hello@sknups.html]
[sknups.com/cookie-policy/index.html]
[sknups.com/wp-content/plugins/cookie-law-info/public/images/logo-cookieyes.svg]
[sknups.com/wp-content/plugins/cookie-law-info/images/td_back.gif]
[sknups.com/wp-content/plugins/cookie-law-info/public/css/cookie-law-info-table431f.css]
[sknups.com/wp-content/plugins/revslider/public/assets/fonts/revicons/revicons90c6.eot]
[sknups.com/wp-content/plugins/revslider/public/assets/fonts/revicons/revicons90c6.ttf]
[sknups.com/wp-content/plugins/revslider/public/assets/assets/gridtile.png]
[sknups.com/wp-content/plugins/revslider/public/assets/assets/gridtile_white.png]
[sknups.com/wp-content/plugins/revslider/public/assets/assets/gridtile_3x3.png]
[sknups.com/wp-content/plugins/revslider/public/assets/assets/gridtile_3x3_white.png]
[sknups.com/wp-content/plugins/revslider/public/assets/assets/coloredbg.png]
[sknups.com/wp-content/plugins/revslider/public/assets/assets/loader.gif]
[sknups.com/wp-content/plugins/revslider/public/assets/css/rs6b02e.css]
[sknups.com/wp-admin/admin-ajax.html]
[sknups.com/wp-content/plugins/essential-gridv1-4/public/assets/font/fontello/fonts/egfontdde9.svg]
[sknups.com/wp-content/plugins/fusion-builder/assets/images/iLightbox/closedhand.html]
[sknups.com/POST.html]
[sknups.com/wp-content/uploads/fusion-styles/5b35a633e167d494f85bd35ec154add2.minf43b.css]
[sknups.com/index01b5.html]
[sknups.com/timo-rusall-sknups/partners@sknups.html]
[sknups.com/timo-rusall-sknups/hello@sknups.html]
[sknups.com/wp-content/plugins/revslider/public/assets/fonts/revicons/revicons90c6.svg]
[sknups.com/wp-content/plugins/revslider/public/assets/css/openhand.html]
[sknups.com/wp-content/plugins/revslider/public/assets/css/closedhand.html]
